[backblue.gif]
[fade.gif]
[index.html]
[www.cs.ucr.edu/_gupta/teaching/152-20w/152-20w-finalsolution.pdf]
[www.cs.ucr.edu/_gupta/teaching/152-20w/index.html]
[www.cs.ucr.edu/_gupta/teaching/152-20w/Intro.pptx]
[www.cs.ucr.edu/_gupta/teaching/152-20w/Lex.pptx]
[www.cs.ucr.edu/_gupta/teaching/152-20w/Labs/Lab1.pdf]
[www.cs.ucr.edu/_gupta/teaching/152-20w/Labs/Lab1b.pdf]
[www.cs.ucr.edu/_gupta/teaching/152-20w/CFG.pptx]
[www.cs.ucr.edu/_gupta/teaching/152-20w/TopDown.pptx]
[www.cs.ucr.edu/_gupta/teaching/152-20w/BottomUp.ppt]
[www.cs.ucr.edu/_gupta/teaching/152-20w/SampleProblems-I.pdf]
[www.cs.ucr.edu/_gupta/teaching/152-20w/samplesolutions.pdf]
[www.cs.ucr.edu/_gupta/teaching/152-20w/midsolution20w.pdf]
[www.cs.ucr.edu/_gupta/teaching/152-20w/Semantic.ppt]
[www.cs.ucr.edu/_gupta/teaching/152-20w/CodeGen.ppt]
[www.cs.ucr.edu/_gupta/teaching/152-20w/RunTime.ppt]
[www.cs.ucr.edu/_gupta/teaching/152-20w/CodeOpt.ppt]
[www.cs.ucr.edu/_gupta/teaching/152-20w/SampleProblems+Solutions-II.pdf]
[www.cs.ucr.edu/_gupta/teaching/152-20w/schedule.html]
[www.cs.ucr.edu/_gupta/teaching/152-20w/syllabus.html]
[www.cs.ucr.edu/_gupta/teaching/152-20w/Project-Phase-I/lab01_lexer.html]
[www.cs.ucr.edu/_gupta/teaching/152-20w/Project-Phase-I/lab01_solution/calc_task1.lex]
[www.cs.ucr.edu/_gupta/teaching/152-20w/Project-Phase-I/lab01_solution/calc_task2.lex]
[www.cs.ucr.edu/_gupta/teaching/152-20w/Project-Phase-I/lab01_solution/calc_task3.lex]
[www.cs.ucr.edu/_gupta/teaching/152-20w/Project-Phase-I/lab01_solution/calc_task4.lex]
[www.cs.ucr.edu/_gupta/teaching/152-20w/Project-Phase-I/lab01_solution/test.txt]
[www.cs.ucr.edu/_gupta/teaching/152-20w/Project-Phase-I/lab01_solution/test2.txt]
[www.cs.ucr.edu/_gupta/teaching/152-20w/Project-Phase-I/lab01_solution/test3.txt]
[www.cs.ucr.edu/_gupta/teaching/152-20w/Project-Phase-I/lab01_solution/index.html]
[www.cs.ucr.edu/_gupta/teaching/152-20w/Project-Phase-II/lab02_parser.html]
[www.cs.ucr.edu/_gupta/teaching/152-20w/Project-Phase-II/lab02_solution/calc.lex]
[www.cs.ucr.edu/_gupta/teaching/152-20w/Project-Phase-II/lab02_solution/calc.y]
[www.cs.ucr.edu/_gupta/teaching/152-20w/Project-Phase-II/lab02_solution/lex.yy.c]
[www.cs.ucr.edu/_gupta/teaching/152-20w/Project-Phase-II/lab02_solution/y.output]
[www.cs.ucr.edu/_gupta/teaching/152-20w/Project-Phase-II/lab02_solution/y.tab.c]
[www.cs.ucr.edu/_gupta/teaching/152-20w/Project-Phase-II/lab02_solution/y.tab.h]
[www.cs.ucr.edu/_gupta/teaching/152-20w/Project-Phase-II/lab02_solution/test.txt]
[www.cs.ucr.edu/_gupta/teaching/152-20w/Project-Phase-II/lab02_solution/test2.txt]
[www.cs.ucr.edu/_gupta/teaching/152-20w/Project-Phase-II/lab02_solution/test3.txt]
[www.cs.ucr.edu/_gupta/teaching/152-20w/Project-Phase-II/lab02_solution/index.html]
[www.cs.ucr.edu/_gupta/teaching/152-20w/Project-Phase-I/syntax.html]
[www.cs.ucr.edu/_gupta/teaching/152-20w/Project-Phase-II/syntax.html]
[www.cs.ucr.edu/_gupta/teaching/152-20w/Project-Phase-II/lab02_solution/Makefile.html]
